#-----------------------------------------------------------
# Vivado v2025.2 (64-bit)
# SW Build 6299465 on Fri Nov 14 19:35:11 GMT 2025
# IP Build 6300035 on Fri Nov 14 10:48:45 MST 2025
# SharedData Build 6298862 on Thu Nov 13 04:50:51 MST 2025
# Start of session at: Thu Jan 15 21:16:13 2026
# Process ID         : 11988
# Current directory  : C:/Users/wands/Documents/Build18/Cora-Z7-07S-Pmod-I2S2-2018.2-1/vivado_proj/Pmod-I2S2-Cora-Z7-07S.runs/synth_1
# Command line       : vivado.exe -log top.vds -product Vivado -mode batch -messageDb vivado.pb -notrace -source top.tcl
# Log file           : C:/Users/wands/Documents/Build18/Cora-Z7-07S-Pmod-I2S2-2018.2-1/vivado_proj/Pmod-I2S2-Cora-Z7-07S.runs/synth_1/top.vds
# Journal file       : C:/Users/wands/Documents/Build18/Cora-Z7-07S-Pmod-I2S2-2018.2-1/vivado_proj/Pmod-I2S2-Cora-Z7-07S.runs/synth_1\vivado.jou
# Running On         : volatile_knight
# Platform           : Windows Server 2016 or Windows 10
# Operating System   : 26100
# Processor Detail   : 13th Gen Intel(R) Core(TM) i7-1355U
# CPU Frequency      : 2611 MHz
# CPU Physical cores : 10
# CPU Logical cores  : 12
# Host memory        : 16876 MB
# Swap memory        : 4026 MB
# Total Virtual      : 20903 MB
# Available Virtual  : 3236 MB
#-----------------------------------------------------------
source top.tcl -notrace
